{
    "test_a3m_cs219.ffindex": {
        "content": [
            "test_cs219.ffindex:md5,1893a6d1cf11667bbb65520f5e8d6497"
        ],
        "meta": {
            "nf-test": "0.9.2",
            "nextflow": "24.10.6"
        },
        "timestamp": "2025-06-19T13:53:35.440980852"
    },
    "test_a3m_cs219.ffdata": {
        "content": [
            "test_cs219.ffdata:md5,0a03ab702bc958b26fba34f8d1c5fce9"
        ],
        "meta": {
            "nf-test": "0.9.2",
            "nextflow": "24.10.6"
        },
        "timestamp": "2025-06-19T13:53:35.433484897"
    },
    "test_a3m_a3m.ffdata": {
        "content": [
            "test_a3m.ffdata:md5,1d3e01ef4418ae118cce3e43cd5669aa"
        ],
        "meta": {
            "nf-test": "0.9.2",
            "nextflow": "24.10.6"
        },
        "timestamp": "2025-06-19T13:53:35.416143459"
    },
    "a3m - stub": {
        "content": [
            {
                "0": [
                    [
                        {
                            "id": "test"
                        },
                        [
                            "test_a3m_a3m.ffdata:md5,d41d8cd98f00b204e9800998ecf8427e",
                            "test_a3m_a3m.ffindex:md5,d41d8cd98f00b204e9800998ecf8427e",
                            "test_a3m_cs219.ffdata:md5,d41d8cd98f00b204e9800998ecf8427e",
                            "test_a3m_cs219.ffindex:md5,d41d8cd98f00b204e9800998ecf8427e",
                            "test_a3m_cs219.log1:md5,d41d8cd98f00b204e9800998ecf8427e",
                            "test_a3m_hmm.ffdata:md5,d41d8cd98f00b204e9800998ecf8427e",
                            "test_a3m_hmm.ffindex:md5,d41d8cd98f00b204e9800998ecf8427e"
                        ]
                    ]
                ],
                "1": [
                    "versions.yml:md5,ab0aa7b758ce2f2f171fbf1e14339a52"
                ],
                "hh_db": [
                    [
                        {
                            "id": "test"
                        },
                        [
                            "test_a3m_a3m.ffdata:md5,d41d8cd98f00b204e9800998ecf8427e",
                            "test_a3m_a3m.ffindex:md5,d41d8cd98f00b204e9800998ecf8427e",
                            "test_a3m_cs219.ffdata:md5,d41d8cd98f00b204e9800998ecf8427e",
                            "test_a3m_cs219.ffindex:md5,d41d8cd98f00b204e9800998ecf8427e",
                            "test_a3m_cs219.log1:md5,d41d8cd98f00b204e9800998ecf8427e",
                            "test_a3m_hmm.ffdata:md5,d41d8cd98f00b204e9800998ecf8427e",
                            "test_a3m_hmm.ffindex:md5,d41d8cd98f00b204e9800998ecf8427e"
                        ]
                    ]
                ],
                "versions": [
                    "versions.yml:md5,ab0aa7b758ce2f2f171fbf1e14339a52"
                ]
            }
        ],
        "meta": {
            "nf-test": "0.9.2",
            "nextflow": "24.10.6"
        },
        "timestamp": "2025-06-19T13:53:40.471299258"
    },
    "test_a3m_a3m.ffindex": {
        "content": [
            "test_a3m.ffindex:md5,34f597e4cb2d7d3afa4c655146ff3eb0"
        ],
        "meta": {
            "nf-test": "0.9.2",
            "nextflow": "24.10.6"
        },
        "timestamp": "2025-06-19T13:53:35.42674239"
    },
    "test_a3m_hmm.ffindex": {
        "content": [
            "test_cs219.log.3:md5,d41d8cd98f00b204e9800998ecf8427e"
        ],
        "meta": {
            "nf-test": "0.9.2",
            "nextflow": "24.10.6"
        },
        "timestamp": "2025-06-19T13:53:35.450864683"
    }
}